{
 "Enrollment": {
  "pem": "LS0tLS1CRUdJTiBSU0EgUFVCTElDIEtFWS0tLS0tCk1JSUJDZ0tDQVFFQXlVang3VDdaQ0czS0wvS2xuL0tMby8yN0FZWXlFVFJqdnFmaUhjVHBvcTExUk5BZDZqL1oKdFJHYUk2anE3UmhZR0xqWjI4UERXWjQ2bnA5MFM5QkJXbmNxN0JlQUQ1T1dNb1ErTGxkS1dFSWV1eE5mTkVkWQpSQVpIcGxlWkRtcll5U0w4U3ovaUxleFBiRXJUc1g5U2dZSm1xK1M3emNrdlFwVVNtczlNMEVSVHh6R3VGbzdlCi9OMXdra0xvekJkQUxyUXB1R2ZzUDBJY3FxSkR4K3JOSCt0RmJrc2hCMkN1WU5zeHVMN2phb2wwYlJDMmYweXkKQ0JXMnRVZCtrVG5vRUV1dTZRSDh3SVpjbTc2bFBZREtDYllRZm9VZDArWnc5UmxjSmJuUi93dE9lbUZ2NGxySApJcEdDeXZFUXNJR3JiQW84MGRyby8rVzVDUTVzWFZhNFBRSURBUUFCCi0tLS0tRU5EIFJTQSBQVUJMSUMgS0VZLS0tLS0K",
  "enroll_time": 1661391001
 },
 "ClientRecord": {
  "client_id": "C.1352adc54e292a23",
  "hostname": "devbox",
  "first_seen_at": 1661391004000000000,
  "type": "main"
 }
}