{
 "Enrollment": {
  "pem": "LS0tLS1CRUdJTiBSU0EgUFVCTElDIEtFWS0tLS0tCk1JSUJDZ0tDQVFFQXlVang3VDdaQ0czS0wvS2xuL0tMby8yN0FZWXlFVFJqdnFmaUhjVHBvcTExUk5BZDZqL1oKdFJHYUk2anE3UmhZR0xqWjI4UERXWjQ2bnA5MFM5QkJXbmNxN0JlQUQ1T1dNb1ErTGxkS1dFSWV1eE5mTkVkWQpSQVpIcGxlWkRtcll5U0w4U3ovaUxleFBiRXJUc1g5U2dZSm1xK1M3emNrdlFwVVNtczlNMEVSVHh6R3VGbzdlCi9OMXdra0xvekJkQUxyUXB1R2ZzUDBJY3FxSkR4K3JOSCt0RmJrc2hCMkN1WU5zeHVMN2phb2wwYlJDMmYweXkKQ0JXMnRVZCtrVG5vRUV1dTZRSDh3SVpjbTc2bFBZREtDYllRZm9VZDArWnc5UmxjSmJuUi93dE9lbUZ2NGxySApJcEdDeXZFUXNJR3JiQW84MGRyby8rVzVDUTVzWFZhNFBRSURBUUFCCi0tLS0tRU5EIFJTQSBQVUJMSUMgS0VZLS0tLS0K",
  "enroll_time": 1661391001
 },
 "ClientRecord": {
  "client_id": "C.1352adc54e292a23",
  "hostname": "devbox",
  "system": "linux",
  "first_seen_at": 1661391002000000000,
  "ping": 0,
  "labels": null,
  "mac_addresses": [
   "00:0c:29:e3:53:83",
   "02:42:69:c1:eb:25",
   "02:42:bc:9a:b8:6e",
   "02:42:fb:7e:19:f7",
   "f2:c2:0a:5f:03:f1",
   "26:1d:10:c6:51:06",
   "8e:7d:7d:50:5a:00"
  ],
  "last_hunt_timestamp": 0,
  "last_event_table_version": 0,
  "type": "main",
  "labels_timestamp": 0,
  "assigned_hunts": null,
  "lower_labels": null
 }
}